I'm sorry, but errors were detected in your script. Please correct the
errors listed below, and try again.


File "game/screens.rpy", line 37: Tab characters are not allowed in Ren'Py scripts.

Ren'Py Version: Ren'Py 8.3.7.25031702
Sun May 11 17:33:30 2025
